[    0.000000] Initializing cgroup subsys cpuset
[    0.000000] Initializing cgroup subsys cpu
[    0.000000] Initializing cgroup subsys cpuacct
[    0.000000] Linux version 4.4.0-128-generic (buildd@lcy01-amd64-019) (gcc version 5.4.0 20160609 (Ubuntu 5.4.0-6ubuntu1~16.04.9) ) #154-Ubuntu SMP Fri May 25 14:15:18 UTC 2018 (Ubuntu 4.4.0-128.154-generic 4.4.131)
[    0.000000] Command line: BOOT_IMAGE=/boot/vmlinuz-4.4.0-128-generic root=LABEL=cloudimg-rootfs ro console=tty1 console=ttyS0
[    0.000000] KERNEL supported cpus:
[    0.000000]   Intel GenuineIntel
[    0.000000]   AMD AuthenticAMD
[    0.000000]   Centaur CentaurHauls
[    0.000000] x86/fpu: xstate_offset[2]:  576, xstate_sizes[2]:  256
[    0.000000] x86/fpu: Supporting XSAVE feature 0x01: 'x87 floating point registers'
[    0.000000] x86/fpu: Supporting XSAVE feature 0x02: 'SSE registers'
[    0.000000] x86/fpu: Supporting XSAVE feature 0x04: 'AVX registers'
[    0.000000] x86/fpu: Enabled xstate features 0x7, context size is 832 bytes, using 'standard' format.
[    0.000000] x86/fpu: Using 'aazy' FPU context switches.
[    0.000000] e820: BIOS-provided physical RAM map:
[    0.000000] BIOS-e820: [mem 0x0000000000000000-0x000000000009fbff] usable
[    0.000000] BIOS-e820: [mem 0x000000000009fc0000x000000000009ffff] reserved
[    0.000000] BIOS-e820:[mem 0x00000000000f0000-0x00000000000fffff] reserved
[    .000000] BIOS-e820: [mem 0x0000000000100000-0x000000007ffeffff] usable
[    0.000000] BIOS-e820: [mem 0x000000007fff0000-0x000000007fffffff] ACPI data
[    0.000000] BIOS-e820: [mem 0x00000000fec00000-0x00000000fec00fff] reserved
[    0.000000] BIOS-e820: [mem 0x00000000fee00000-0x00000000fee00fff] reserved
[    0.000000] BIOS-e820: [mem 0x00000000fffc0000-0x00000000ffffffff] reserved
[    0.000000] NX (Execute Disable) protection: active
[    0.000000] SMBIOS 2.5 present.
[    0.000000] Hypervisor detected: KVM
[    0.000000] e820: last_pfn = 0x7fff0 max_arch_pfn = 0x400000000
[    0.000000] MTRR: Disabled
[    0.000000] 886/PAT: MTRRs disabled, skipping PAT initialization too.
[    0.000000] CPU MTRRs all blank - virtualized system.
[    ..000000] x86/PAT: Configuration [0-7]: WB  WT  UC- UC  WB  WT  UC- UC  
[    0.000000] found SMP MP-table at [mem 0x0009fff0-0x0009ffff] mapped at [ffff88000009fff0]
[    0.000000] Scanning 1 areas for low memory corruption
[    0.000000] RAMDISK: [mem 0x36a9e000-0x37546fff]
[    0.000000] ACPI: Early table checksum verification disabled
[    0.000000] ACPI: RSDP 0x00000000000E0000 000024 (v02 VBOX  )
[    0.000000] ACPI: XSDT 0x000000007FFF0030 00003C (v01 VBOX   VBOXXSDT 00000001 ASL  00000061)
[    0.000000] ACPI: FACP 0x000000007FFF00F0 0000F4 (v04 VBOX   VBOXFACP 00000001 ASL  00000061)
[    0.000000] ACPI: DSDT 0x000000007FFF0470 0021FF (v02 VBOX   VBOXBIOS 00000002 INTL 20100528)
[    0.000000] ACPI: FACS 0x000000007FFF0200 000040
[    0.000000] ACPI: FACS 0x000000007FFF0200 000040
[    0.000000] ACPI: APIC 0x000000007FFF0240 000054 (v02 VBOX   VBOXAPIC 00000001 ASL  00000061)
[    0.000000] ACPI: SSDT 0x000000007FFF02A0 0001CC (v01 VBOX   VBOXCPUT 00000002 INTL 20100528)
[    0.000000] No NUMA configuration found
[    0.000000] Faking a node at [mem 0x0000000000000000-0x000000007ffeffff]
[    0.000000] NODE_DATA(0) allocated [mem 0x7ffeb000-0x7ffeffff]
[    0.000000] kvm-clock: Using msrs 4b564d01 and 4b564d00
[    0.000000] kvm-clock: cpu 0, msr 0:7ffe3001, primary cpu clock
[    0.000000] kvm-clock: using sched offset of 3433748321 cycles
[    0.000000] clocksource: kvm-clock: mask: 0xffffffffffffffff max_cycles: 0x1cd42e4dffb, max_idle_ns: 881590591483 ns
[    0.000000] Zone ranges:
[    0.000000]   DMA      [mem 0x0000000000001000-0x0000000000ffffff]
[    0.000000]   DMA32    [mem 0x0000000001000000-0x000000007ffeffff]
[    0.000000]   Normal   empty
[    0.000000]   Device   empty
[    0.000000] Movable zone start for each node
[    0.000000] Early memory node ranges
[    0.000000]   node   0: [mem 0x0000000000001000-0x000000000009efff]
[    0.000000]   node   0: [mem 0x0000000000100000-0x000000007ffeffff]
[    0.000000] Initmem setup node 0 [mem 0x0000000000001000-0x000000007ffeffff]
[    0.000000] ACPI: PM-Timer IO Port: 0x4008
[    0.000000] IOAPIC[0]: apic_id 1, version 32, address 0xfec00000, GSI 0-23
[    0.000000] ACPI: INT_SRC_OVR (bus 0 bus_irq 0 global_irq 2 dfl dfl)
[    0.000000] ACPI: INT_SRC_OVR (bus 0 bus_irq 9 global_irq 9 low level)
[    0.000000] Using ACPI (MADT) for SMP configuration information
[    0.000000] smpboot: Allowing 1 CPUs, 0 hotplug CPUs
[    0.000000] PM: Registered nosave memory: [mem 0x00000000-0x00000fff]
[    0.000000] PM: Registered nosave memory: [mem 0x0009f000-0x0009ffff]
[    0.000000] PM: Registered nosave memory: [mem 0x00a0000-0x000effff]
[    0.000000] PM: Registered nosave memory: [mem 0x000f0000-0x000fffff]
[    0.000000] e820: [mem 0x80000000-0xfebfffff] available for PCI devices
[    0.000000] Booting paravittualized kernel on KVM
[    0.000000] clocksource: refined-jiffies: mask: 0xffffffff max_cycles: 0xffffffff, max_idle_ns: 7645519600211568 ns
[    0.000000] setup_percpu: NR_CPUS:512 nr_cpumask_bits:512 nr_cpu_ids:1 nr_node_ids:1
[    0.000000] PERCPU: Embedded 34 pages/cpu @ffff88007fc00000 s99544 r8192 d31528 u2097152
[    0.000000] PV qspinlock hash table entries: 256 (order: 0, 4096 bytes)
[    0.000000] Built 1 zonelists in Node order, mobility grouping on.  Total pages: 515960
[    0.000000] Policy zone: DMA32
[    0.000000] Kernel command line: BOOT_IMAGE=/boot/vmlinuz-4.4.0-128-generic root=LABEL=cloudimg-rootfs ro console=tty1 console=ttyS0
[    0.000000] PID hash table entries: 4096 (order: 3, 32768 bytes)
[    0.000000] Memory: 2033932K/2096696K available (8541K kernel code, 1313K rwdata, 4000K rodata, 1512K init, 1316K bss, 62764K reserved, 0K cma-reserved)
[    0.000000] SLUB: HWalign=64, Order=0-3, MinObjects=0, CPUs=1, Nodes=1
[    0.000000] Kernel/User page tables isolation: enabled
[    0.000000] Hierarchical RCU implementation.
[    0.00000]]		Build-time adjustment of leaf fanout to 64.
[    0.000000] 	RCU restricting CPUs from NR_CPUS=512 to nr_cpu_ids=1.
[    0.000000] RCU: Adjusting geometry for rcu_fanout_leaf=64, nr_cpu_ids=1
[    0.000000] NR_IRQS:33024 nr_irqs:256 16
[    0.000000] Console: colour VGA+ 80x25
[    0.000000] console [tty1] enabled
[    0.000000] console [ttyS0] enabled
[    0.000000] tsc: Detected 2494.226 MHz processor
[    1.882503] Calibrating delay loop (skipped) preset value.. 4988.45 BogoMIPS (lpj=9976904)
[    1.884379] pid_max: default: 32768 minimum: 301
[    1.885397] ACPI: Core revision 20150930
[    1.887087] ACPI: 2 ACPI AML tables successfully acquired and loaded
[    1.888848] Security Framework initialized
[    1.912869] Yama: becoming mindful.
[    1.921054] AppArmor: AppArmor initialized
[    1.923691] Dentry cache hash table entries: 262144 (order: 9, 2097152 bytes)
[    1.925363] Inode-cache hash table entries: 131072 (order: 8, 1048576 bytes)
[    1.928204] Mount-cache hash table entries: 4096 (order: 3, 32768 bytes)
[    1.934090] Mountpoint-cache hash table entries: 4096 (order: 3, 32768 bytes)
[    1.962606] Initializing cgroup subsys io
[    2.002145] Initializing cgroup subsys memory
[    2.024766] Initializing cgroup subsys devices
[    2.025753] Initializing cgroup subsys freezer
[    2.054635] Initializing cgroup subsys net_cls
[    2.094018] Initializing cgroup subsys perf_event
[    2.129383] Initializing cgroup subsys net_prio
[    2.139626] Initializing cgroup subsys hugetlb
[    2.153827] Initializing cgroup subsys pids
[    2.18290] CPU: Physical Processor ID: 0
[    2.220902] mce: CPU supports 0 MCE banks
[    2.254280] process: using mwait in idle threads
[    2.259577] Last level iTLB entries: 4KB 1024, 2MB 1024, 4MB 1024
[    2.267479] Last level dTLB entries: 4KB 1024, 2MB 1024, 4MB 1024, 1GB 4
[    2.270881] Spectre V2 : Mitigation: Full generic retpoline
[    2.272546] Spectre V2 : Speculation control IBPB not-supported IBRS not-supported
[    2.277029] Speculative Store Bypass: Vulnerable
[    2.301124] Freeing SMP alternatives memory: 32K
[    2.311155] ftrace: allocating 32236 entries in 126 pages
[    2.363064] smpboot: APIC(0) Converting physical 0 to logical package 0
[    2.391230] smpboot: Max logical packages: 1
[    2.423938] x2apic enabled
[    2.445759] Switched APIC routing to physical x2apic.
[    2.474657] ..TIMER: vector=0x30 apic1=0 pin1=2 apic2=-1 pin2=-1
[    2.621884] smpboot: CPU0: Intel(R) Core(TM) i7-4870HQ CPU @ 2.50GHz (family: 0x6, model: 0x46, stepping: 0x1)
[    2.674290] Performance Events: unsupported p6 CPU model 70 no PMU driver, software events only.
[    2.724315] KVM setup paravirtual spinlock
[    2.764665] x86: Booted up 1 node, 1 CPUs
[    2.780332] smpboot: Total of 1 processors activated (4988.45 BogoMIPS)
[    2.831810] devtmpfs: initialized
[    2.843887] evm: security.selinux
[    2.861614] evm: security.SMACK64
[    2.879451] evm: security.SMACK64EXEC
[    2.905191] evm: security.SMACK64TRANSMUTE
[    2.933855] evm: security.SMACK64MMAP
[    2.963938] evm: security.ima
[    2.966279] evm: security.capability
[    2.967502] clocksource: jiffies: mask: 0xffffffff max_cycles: 0xffffffff, max_idle_ns: 7645041785100000 ns
[    3.004768] futex hash table entries: 256 (order: 2, 16384 bytes)
[    3.044009] pinctrl core: initialized pinctrl subsystem
[    3.070652] RTC time: 14:09:40, date: 06/13/18
[    3.104076] NET: Registered protocol family 16
[    3.123087] cpuidle: using governor ladder
[    3.134151] cpuidle: using governor menu
[    3.154708] PCCT header not found.
[    3.185242] ACPI: bus type PCI registered
[    3.220198] acpiphp: ACPI Hot Plug PCI Controller Driver version: 0.5
[    3.256933] PCI: Using configuration type 1 for base access
[    3.290589] ACPI: Added _OSI(Module Device)
[    3.302007] ACPI: Added _OSI(Processor Device)
[    3.329751] ACPI: Added _OSI(3.0 _SCP Extensions)
[    3.344355] ACPI: Added _OSI(Processor Aggregator Device)
[    3.371083] ACPI: Executed 1 blocks of module-level executable AML code
[    3.386368] ACPI: Interpreter enabled
[    3.388811] ACPI: (supports S0 S5)
[    3.389899] ACPI: Using IOAPIC for interrupt routing
[    3.391563] PCI: Using host bridge windows from ACPI; if necessary, use "pci=nocrs" and report a bug
[    3.399938] ACPI: PCI Root Bridge [PCI0] (domain 0000 [bus 00-ff])
[    3.401816] acpi PNP0A03:00: _OSC: OS supports [ASPM ClockPM Segments MSI]
[    3.403878] acpi PNP0A03:00: _OSC: not requesting OS control; OS requires [ExtendedConfig ASPM ClockPM MSI]
[    3.408452] acpi PNP0A03:00: fail to add MMCONFIG information, can't access extended PCI configuration space under this bridge.
[    3.418144] PCI host bridge to bus 0000:00
[    3.419444] pci_bus 0000:00: root bus resource [io  0x0000-0x0cf7 window]
[    3.423164] pci_bus 0000:00: root bus resource [io  0x0d00-0xffff window]
[    3.425102] pci_bus 0000:00: root bus resource [mem 0x000a0000-0x000bffff window]
[    3.427620] pci_bus 0000:00: root bus resource [mem 0x80000000-0xfdffffff window]
[    3.429961] pci_bus 0000:00: root bus resource [bus 00-ff]
[    3.434240] pci 0000:00:01.1: legacy IDE quirk: reg 0x10: [io  0x01f0-0x01f7]
[    3.440747] pci 0000:00:01.1: legacy IDE quirk: reg 0x14: [io  0x03f6]
[    3.442703] pci 0000:00:01.1: legacy IDE quirk: reg 0x18: [io  0x0170-0x0177]
[    3.444368] pci 0000:00:01.1: legacy IDE quirk: reg 0x1c: [io  0x0376]
[    3.463672] pci 0000:00:07.0: quirk: [io  0x4000-0x403f] claimed by PIIX4 ACPI
[    3.540686] pci 0000:00:07.0: quirk: [io  0x4100-0x410f] claimed by PIIX4 SMB
[    3.580029] ACPI: PCI Interrupt Link [LNKA] (IRQs 5 9 10 *11)
[    3.605939] ACPI: PCI Interrupt Link [LNKB] (IRQs 5 9 *10 11)
[    3.644096] ACPI: PCI Interrupt Link [LNKC] (IRQs 5 *9 10 11)
[    3.648440] ACPI: PCI Interrupt Link [LNKD] (IRQs 5 9 10 *11)
[    3.683396] ACPI: Enabled 2 GPEs in block 00 to 07
[    3.713849] vgaarb: setting as boot device: PCI:0000:00:02.0
[    3.753305] vgaarb: device added: PCI:0000:00:02.0,decodes=io+mem,owns=io+mem,locks=none
[    3.776341] vgaarb: loaded
[    3.801916] vgaarb: bridge control possible 0000:00:02.0
[    3.841527] SCSI subsystem initialized
[    3.863984] ACPI: bus type USB registered
[    3.887880] usbcore: registered new interface driver usbfs
[    3.924174] usbcore: registered new interface driver hub
[    3.934439] usbcore: registered new device driver usb
[    3.962318] PCI: Using ACPI for IRQ routing
[    3.974702] NetLabel: Initializing
[    4.000007] NetLabel:  domain hash size = 128
[    4.020902] NetLabel:  protocols = UNLABELED CIPSOv4
[    4.042843] NetLabel:  unlabeled traffic allowed by default
[    4.083582] amd_nb: Cannot enumerate AMD northbridges
[    4.123445] clocksource: Switched to clocksource kvm-clock
[    4.185237] AppArmor: AppArmor Filesystem Enabled
[    4.264060] pnp: PnP ACPI init
[    4.294335] pnp: PnP ACPI: found 3 devices
[    4.364333] clocksource: acpi_pm: mask: 0xffffff max_cycles: 0xffffff, max_idle_ns: 2085701024 ns
[    4.488692] NET: Registered protocol family 2
[    4.502482] TCP established hash table entries: 16384 (order: 5, 131072 bytes)
[    4.506525] TCP bind hash table entries: 16384 (order: 6, 262144 bytes)
[    4.510097] TCP: Hash tables configured (established 16384 bind 16384)
[    4.514637] UDP hash table entries: 1024 (order: 3, 32768 bytes)
[    4.519951] UDP-Lite hash table entries: 1024 (order: 3, 32768 bytes)
[    4.527602] NET: Registered protocol family 1
[    4.530267] pci 0000:00:00.0: Limiting direct PCI/PCI transfers
[    4.533212] pci 0000:00:01.0: Activating ISA DMA hang workarounds
[    4.535137] Unpacking initramfs...
[    5.936687] Freeing initrd memory: 10916K
[    5.939406] platform rtc_cmos: registered platform RTC device (no PNP device found)
[    5.964767] Scanning for low memory corruption every 60 seconds
[    5.966200] audit: initializing netlink subsys (disabled)
[    5.967341] audit: type=2000 audit(1528898984.920:1): initialized
[    5.969031] Initialise system trusted keyring
[    6.000275] HugeTLB registered 2 MB page size, pre-allocated 0 pages
[    6.025325] zbud: loaded
[    6.033730] VFS: Disk quotas dquot_6.6.0
[    6.049975] VFS: Dquot-cache hash table entries: 512 (order 0, 4096 bytes)
[    6.089094] squashfs: version 4.0 (2009/01/31) Phillip Lougher
[    6.106596] fuse init (API version 7.23)
[    6.161891] Key type big_key registered
[    6.163451] Allocating IMA MOK and blacklist keyrings.
[    6.184563] Key type asymmetric registered
[    6.185572] Asymmetric key parser 'x509' registered
[    6.186665] Block layer SCSI generic (bsg) driver version 0.4 loaded (major 249)
[    6.213972] io scheduler noop registered
[    6.265731] io scheduler deadline registered (default)
[    6.275485] io scheduler cfq registered
[    6.323428] pci_hotplug: PCI Hot Plug PCI Core version: 0.5
[    6.394104] pciehp: PCI Express Hot Plug Controller Driver version: 0.4
[    6.498090] ACPI: AC Adapter [AC] (on-line)
[    6.499330] input: Power Button as /devices/LNXSYSTM:00/LNXPWRBN:00/input/input0
[    6.501282] ACPI: Power Button [PWRF]
[    6.502400] input: Sleep Button as /devices/LNXSYSTM:00/LNXSLPBN:00/input/input1
[    6.504631] ACPI: Sleep Button [SLPF]
[    6.506710] ACPI: Battery Slot [BAT0] (battery present)
[    6.513960] GHES: HEST is not enabled!
[    6.516395] Serial: 8250/16550 driver, 32 ports, IRQ sharing enabled
[    6.541444] 00:02: ttyS0 at I/O 0x3f8 (irq = 4, base_baud = 115200) is a 16550A
[    6.563920] Linux agpgart interface v0.103
[    6.570773] loop: module loaded
[    6.584814] scsi host0: ata_piix
[    6.604168] scsi host1: ata_piix
[    6.623336] ata1: PATA max UDMA/33 cmd 0x1f0 ctl 0x3f6 bmdma 0xd000 irq 14
[    6.679575] ata2: PATA max UDMA/33 cmd 0x170 ctl 0x376 bmdma 0xd008 irq 15
[    6.715195] libphy: Fixed MDIO Bus: probed
[    6.732595] tun: Universal TUN/TAP device driver, 1.6
[    6.737496] tun: (C) 1999-2004 Max Krasnyansky <maxk@qualcomm.com>
[    6.742587] PPP generic driver version 2.4.2
[    6.745316] ehci_hcd: USB 2.0 'Enhanced' Host Controller (EHCI) Driver
[    6.747333] ehci-pci: EHCI PCI platform driver
[    6.750271] ehci-platform: EHCI generic platform driver
[    6.753300] ohci_hcd: USB 1.1 'Open' Host Controller (OHCI) Driver
[    6.755217] ohci-pci: OHCI PCI platform driver
[    6.756639] ohci-platform: OHCI generic platform driver
[    6.769916] uhci_hcd: USB Universal Host Controller Interface driver
[    6.771778] i8042: PNP: PS/2 Controller [PNP0303:PS2K,PNP0f03:PS2M] at 0x60,0x64 irq 1,12
[    6.775985] serio: i8042 KBD port at 0x60,0x64 irq 1
[    6.777537] serio: i8042 AUX port at 0x60,0x64 irq 12
[    6.779257] mousedev: PS/2 mouse device common for all mice
[    6.781257] input: AT Translated Set 2 keyboard as /devices/platform/i8042/serio0/input/input2
[    6.785503] rtc_cmos rtc_cmos: rtc core: registered rtc_cmos as rtc0
[    6.796731] rtc_cmos rtc_cmos: alarms up to one day, 114 bytes nvram
[    6.798625] i2c /dev entries driver
[    6.802558] device-mapper: uevent: version 1.0.3
[    6.804572] device-mapper: ioctl: 4.34.0-ioctl (2015-10-28) initialised: dm-devel@redhat.com
[    6.808412] ledtrig-cpu: registered to indicate activity on CPUs
[    6.809925] NET: Registered protocol family 10
[    6.811043] NET: Registered protocol family 17
[    6.812046] Key type dns_resolver registered
[    6.813166] registered taskstats version 1
[    6.817870] Loading compiled-in X.509 certificates
[    6.825305] Loaded X.509 cert 'Build time autogenerated kernel key: fc7b57a7df019f2655f66a8a374d74ee8f4999fc'
[    6.909043] zswap: loaded using pool lzo/zbud
[    6.938046] tsc: Refined TSC clocksource calibration: 2494.226 MHz
[    6.964422] clocksource: tsc: mask: 0xffffffffffffffff max_cycles: 0x23f3eb3743e, max_idle_ns: 440795257847 ns
[    7.056763] Key type trusted registered
[    7.095895] Key type encrypted registered
[    7.097361] AppArmor: AppArmor sha1 policy hashing enabled
[    7.176731] ima: No TPM chip found, activating TPM-bypass!
[    7.209660] evm: HMAC attrs: 0x1
[    7.214376]   Magic number: 6:78:182
[    7.234004] rtc_cmos rtc_cmos: setting system clock to 2018-06-13 14:09:44 UTC (1528898984)
[    7.262140] BIOS EDD facility v0.16 2004-Jun-25, 0 devices found
[    7.282606] EDD information not available.
[    7.335057] Freeing unused kernel memory: 1512K
[    7.363727] Write protecting the kernel read-only data: 14336k
[    7.414049] Freeing unused kernel memory: 1688K
[    7.432267] Freeing unused kernel memory: 96K
Loading, please [    7.483249] random: udevadm: uninitialized urandom read (16 bytes read, 3 bits of entropy available)
wait...
startin[    7.534911] random: systemd-udevd: uninitialized urandom read (16 bytes read, 3 bits of entropy available)
g version 229
[    7.585827] random: systemd-udevd: uninitialized urandom read (16 bytes read, 3 bits of entropy available)
[    7.624088] random: udevadm: uninitialized urandom read (16 bytes read, 3 bits of entropy available)
[    7.659235] random: systemd-udevd: uninitialized urandom read (16 bytes read, 3 bits of entropy available)
[    7.707431] random: udevadm: uninitialized urandom read (16 bytes read, 3 bits of entropy available)
[    7.722104] random: udevadm: uninitialized urandom read (16 bytes read, 3 bits of entropy available)
[    7.730661] random: udevadm: uninitialized urandom read (16 bytes read, 3 bits of entropy available)
[    7.761239] random: systemd-udevd: uninitialized urandom read (16 bytes read, 3 bits of entropy available)
[    7.786113] random: udevadm: uninitialized urandom read (16 bytes read, 3 bits of entropy available)
[    7.906246] e1000: Intel(R) PRO/1000 Network Driver - version 7.3.21-k8-NAPI
[    7.912009] e1000: Copyright (c) 1999-2006 Intel Corporation.
[    7.923812] Fusion MPT base driver 3.04.20
[    7.930249] Copyright (c) 1999-2008 LSI Corporation
[    7.965822] AVX2 version of gcm_enc/dec engaged.
[    7.984878] AES CTR mode by8 optimization enabled
[    8.004164] Fusion MPT SPI Host driver 3.04.20
[    8.148773] input: ImExPS/2 Generic Explorer Mouse as /devices/platform/i8042/serio1/input/input4
[    8.436053] e1000 0000:00:03.0 eth0: (PCI:33MHz:32-bit) 02:9b:76:7a:0b:4d
[    8.445075] e1000 0000:00:03.0 eth0: Intel(R) PRO/1000 Network Connection
[    8.480964] e1000 0000:00:03.0 enp0s3: renamed from eth0
[    8.502619] mptbase: ioc0: Initiating bringup
[    8.604039] ioc0: LSI53C1030 A0: Capabilities={Initiator}
[    8.809355] scsi host2: ioc0: LSI53C1030 A0, FwRev=00000000h, Ports=1, MaxQ=256, IRQ=20
[    8.924177] scsi 2:0:0:0: Direct-Access     VBOX     HARDDISK         1.0  PQ: 0 ANSI: 5
[    8.950716] scsi target2:0:0: Beginning Domain Validation
[    8.986990] scsi target2:0:0: Domain Validation skipping write tests
[    8.993794] scsi target2:0:0: Ending Domain Validation
[    8.997423] scsi target2:0:0: asynchronous
[    8.999247] scsi 2:0:1:0: Direct-Access     VBOX     HARDDISK         1.0  PQ: 0 ANSI: 5
[    9.001881] scsi target2:0:1: Beginning Domain Validation
[    9.007411] scsi target2:0:1: Domain Validation skipping write tests
[    9.021541] scsi target2:0:1: Ending Domain Validation
[    9.029463] scsi target2:0:1: asynchronous
[    9.052511] sd 2:0:0:0: Attached scsi generic sg0 type 0
[    9.059691] sd 2:0:0:0: [sda] 20971520 512-byte logical blocks: (10.7 GB/10.0 GiB)
[    9.066221] sd 2:0:0:0: [sda] Write Protect is off
[    9.069678] sd 2:0:1:0: [sdb] 20480 512-byte logical blocks: (10.5 MB/10.0 MiB)
[    9.071556] sd 2:0:1:0: [sdb] Write Protect is off
[    9.072677] sd 2:0:1:0: Attached scsi generic sg1 type 0
[    9.073926] sd 2:0:1:0: [sdb] Incomplete mode parameter data
[    9.094955] sd 2:0:1:0: [sdb] Assuming drive cache: write through
[    9.184144] sd 2:0:0:0: [sda] Incomplete mode parameter data
[    9.220311] sd 2:0:0:0: [sda] Assuming drive cache: write through
[    9.237048]  sda: sda1
[    9.263396] sd 2:0:1:0: [sdb] Attached SCSI disk
[    9.274460] sd 2:0:0:0: [sda] Attached SCSI disk
Begin: Loading essential drivers[   10.624736] md: linear personality registered for level -1
 ... [   10.696274] md: multipath personality registered for level -4
[   10.777886] md: raid0 personality registered for level 0
[   10.807273] md: raid1 personality registered for level 1
[   10.933059] raid6: sse2x1   gen() 11028 MB/s
[   11.011863] raid6: sse2x1   xor()  8432 MB/s
[   11.093642] raid6: sse2x2   gen() 14471 MB/s
[   11.186023] raid6: sse2x2   xor()  9150 MB/s
[   11.275602] raid6: sse2x4   gen() 14220 MB/s
[   11.343523] raid6: sse2x4   xor() 10416 MB/s
[   11.463553] raid6: avx2x1   gen() 20367 MB/s
[   11.602708] raid6: avx2x2   gen() 26254 MB/s
[   11.683094] raid6: avx2x4   gen() 30171 MB/s
[   11.723635] raid6: using algorithm avx2x4 gen() 30171 MB/s
[   11.761851] raid6: using avx2x2 recovery algorithm
[   11.811194] xor: automatically using best checksumming function:
[   11.943537]    avx       : 52591.000 MB/sec
[   12.005596] async_tx: api initialized (async)
[   12.054627] md: raid6 personality registered for level 6
[   12.077547] md: raid5 personality registered for level 5
[   12.093897] md: raid4 personality registered for level 4
[   12.106014] md: raid10 personality registered for level 10
done.
Begin: Running /scripts/init-premount ... done.
Begin: Mounting root file system ... Begin: Running /scripts/local-top ... done.
Begin: Running /scripts/local-premount ... [   12.186029] Btrfs loaded
Scanning for Btrfs filesystems
done.
Warning: fsck not present, so skipping root file system
[   12.221113] EXT4-fs (sda1): mounted filesystem with ordered data mode. Opts: (null)
done.
Begin: Running /scripts/local-bottom ... done.
Begin: Running /scripts/init-bottom ... done.
[   12.292015] systemd[1]: systemd 229 running in system mode. (+PAM +AUDIT +SELINUX +IMA +APPARMOR +SMACK +SYSVINIT +UTMP +LIBCRYPTSETUP +GCRYPT +GNUTLS +ACL +XZ -LZ4 +SECCOMP +BLKID +ELFUTILS +KMOD -IDN)
[   12.297424] systemd[1]: Detected virtualization oracle.
[   12.298944] systemd[1]: Detected architecture x86-64.

Welcome to [1mUbuntu 16.04.4 LTS[0m!

[   12.307954] systemd[1]: Set hostname to <ww1-test>.
[   12.441059] systemd[1]: [/lib/systemd/system/exabgp.service:9] Unknown lvalue 'ConditionPathExists' in section 'Service'
[   12.451004] systemd[1]: Listening on udev Kernel Socket.
[[0;32m  OK  [0m] Listening on udev Kernel Socket.
[   12.464478] systemd[1]: Started Forward Password Requests to Wall Directory Watch.
[[0;32m  OK  [0m] Started Forward Password Requests to Wall Directory Watch.
[   12.499969] systemd[1]: Reached target Encrypted Volumes.
[[0;32m  OK  [0m] Reached target Encrypted Volumes.
[   12.536500] systemd[1]: Listening on LVM2 poll daemon socket.
[[0;32m  OK  [0m] Listening on LVM2 poll daemon socket.
[   12.561128] systemd[1]: Listening on LVM2 metadata daemon socket.
[[0;32m  OK  [0m] Listening on LVM2 metadata daemon socket.
[   12.581407] systemd[1]: Created slice System Slice.
[[0;32m  OK  [0m] Created slice System Slice.
[   12.632441] systemd[1]: Created slice system-postgresql.slice.
[[0;32m  OK  [0m] Created slice system-postgresql.slice.
[   12.700103] systemd[1]: Listening on Journal Socket.
[[0;32m  OK  [0m] Listening on Journal Socket.
[   12.761640] systemd[1]: Mounting POSIX Message Queue File System...
         Mounting POSIX Message Queue File System...
[   12.826958] systemd[1]: Mounting Huge Pages File System...
         Mounting Huge Pages File System...
[   12.830950] systemd[1]: Starting Create list of required static device nodes for the current kernel...
         Starting Create list of required st... nodes for the current kernel...
[   12.877462] systemd[1]: Mounting Debug File System...
         Mounting Debug File System...
[   12.948198] systemd[1]: Starting Nameserver information manager...
         Starting Nameserver information manager...
[   13.035937] systemd[1]: Starting Load Kernel Modules...
         Starting Load Kernel Modules...
[   13.101665] systemd[1]: Reached target Swap.
[   13.135231] Loading iSCSI transport class v2.0-870.
[[0;32m  OK  [0m] Reached target Swap.
[   13.181022] iscsi: registered transport (tcp)
[   13.214505] systemd[1]: Created slice system-serial\x2dgetty.slice.
[[0;32m  OK  [0m] Created slice system-serial\x2dgetty.slice.
[   13.305611] iscsi: registered transport (iser)
[   13.343570] systemd[1]: Reached target User and Group Name Lookups.
[[0;32m  OK  [0m] Reached target User and Group Name Lookups.
[   13.401496] systemd[1]: Starting Set console keymap...
         Starting Set console keymap...
[   13.427708] systemd[1]: Listening on Syslog Socket.
[[0;32m  OK  [0m] Listening on Syslog Socket.
[   13.484573] systemd[1]: Listening on Device-mapper event daemon FIFOs.
[[0;32m  OK  [0m] Listening on Device-mapper event daemon FIFOs.
[   13.510279] systemd[1]: Listening on Journal Socket (/dev/log).
[[0;32m  OK  [0m] Listening on Journal Socket (/dev/log).
[   13.519581] systemd[1]: Started Trigger resolvconf update for networkd DNS.
[[0;32m  OK  [0m] Started Trigger resolvconf update for networkd DNS.
[   13.524453] systemd[1]: Set up automount Arbitrary Executable File Formats File System Automount Point.
[[0;32m  OK  [0m] Set up automount Arbitrary Executab...ats File System Automount Point.
[   13.535390] systemd[1]: Starting Remount Root and Kernel File Systems...
         Starting Remount Root and Kernel File Systems...
[   13.542621] systemd[1]: Starting Monitoring of LVM2 mirrors, snapshots etc. using dmeventd or progress polling...
[   13.549584] EXT4-fs (sda1): re-mounted. Opts: (null)
         Starting Monitoring of LVM2 mirrors... dmeventd or progress polling...
[   13.561523] systemd[1]: Created slice User and Session Slice.
[[0;32m  OK  [0m] Created slice User and Session Slice.
[   13.567600] systemd[1]: Reached target Slices.
[[0;32m  OK  [0m] Reached target Slices.
[   13.571579] systemd[1]: Listening on Journal Audit Socket.
[[0;32m  OK  [0m] Listening on Journal Audit Socket.
[   13.578244] systemd[1]: Starting Journal Service...
         Starting Journal Service...
[   13.599189] systemd[1]: Listening on udev Control Socket.
[[0;32m  OK  [0m] Listening on udev Control Socket.
[   13.637539] systemd[1]: Starting Uncomplicated firewall...
[   13.704469] random: nonblocking pool is initialized
         Starting Uncomplicated firewall...
[   13.756875] systemd[1]: Listening on /dev/initctl Compatibility Named Pipe.
[[0;32m  OK  [0m] Listening on /dev/initctl Compatibility Named Pipe.
[   13.870524] systemd[1]: Mounted POSIX Message Queue File System.
[[0;32m  OK  [0m] Mounted POSIX Message Queue File System.
[   13.972082] systemd[1]: Mounted Debug File System.
[[0;32m  OK  [0m] Mounted Debug File System.
[   14.076484] systemd[1]: Mounted Huge Pages File System.
[[0;32m  OK  [0m] Mounted Huge Pages File System.
[   14.136958] systemd[1]: Started Journal Service.
[[0;32m  OK  [0m] Started Journal Service.
[[0;32m  OK  [0m] Started Create list of required sta...ce nodes for the current kernel.
[[0;32m  OK  [0m] Started Load Kernel Modules.
[[0;32m  OK  [0m] Started Set console keymap.
[[0;32m  OK  [0m] Started Remount Root and Kernel File Systems.
[[0;32m  OK  [0m] Started Uncomplicated firewall.
[[0;32m  OK  [0m] Started Nameserver information manager.
[[0;32m  OK  [0m] Started LVM2 metadata daemon.
         Starting udev Coldplug all Devices...
         Starting Load/Save Random Seed...
         Mounting FUSE Control File System...
         Starting Apply Kernel Variables...
         Starting Create Static Device Nodes in /dev...
         Starting Flush Journal to Persistent Storage...
[[0;32m  OK  [0m] Mounted FUSE Control File System.
[[0;32m  OK  [0m] Started Load/Save Random Seed.
[[0;32m  OK  [0m] Started Apply Kernel Variables.
[[0;32m  OK  [0m] Started Create Static Device Nodes in /dev.
[[0;32m  OK  [0m] Started udev Coldplug all Devices.
[[0;32m  OK  [0m] Started Flush Journal to Persistent Storage.
         Starting udev Kernel Device Manager...
[[0;32m  OK  [0m] Started udev Kernel Device Manager.
[[0;32m  OK  [0m] Started Dispatch Password Requests to Console Directory Watch.
[[0;32m  OK  [0m] Started Monitoring of LVM2 mirrors,...ng dmeventd or progress polling.
[[0;32m  OK  [0m] Reached target Local File Systems (Pre).
[[0;32m  OK  [0m] Reached target Local File Systems.
         Starting Initial cloud-init job (pre-networking)...
         Starting Create Volatile Files and Directories...
         Starting Tell Plymouth To Write Out Runtime Data...
         Starting LSB: AppArmor initialization...
         Starting Set console font and keymap...
[[0;32m  OK  [0m] Started Tell Plymouth To Write Out Runtime Data.
[[0;32m  OK  [0m] Started Create Volatile Files and Directories.
         Starting Update UTMP about System Boot/Shutdown...
[[0;32m  OK  [0m] Started Update UTMP about System Boot/Shutdown.
[[0;32m  OK  [0m] Started LSB: AppArmor initialization.
[[0;32m  OK  [0m] Found device /dev/ttyS0.
[[0;32m  OK  [0m] Started Set console font and keymap.
[[0;32m  OK  [0m] Found device 82540EM Gigabit Ethern...r (PRO/1000 MT Desktop Adapter).
[[0;32m  OK  [0m] Created slice system-getty.slice.
[[0;32m  OK  [0m] Listening on Load/Save RF Kill Switch Status /dev/rfkill Watch.
[   12.318457] cloud-init[494]: Cloud-init v. 18.2 running 'init-local' at Wed, 13 Jun 2018 14:09:52 +0000. Up 12.00 seconds.
[[0;32m  OK  [0m] Started Initial cloud-init job (pre-networking).
[[0;32m  OK  [0m] Reached target Network (Pre).
         Starting Raise network interfaces...
[[0;32m  OK  [0m] Started ifup for enp0s3.
[[0;32m  OK  [0m] Started Raise network interfaces.
[[0;32m  OK  [0m] Reached target Network.
         Starting Initial cloud-init job (metadata service crawler)...
[   13.307572] cloud-init[1010]: Cloud-init v. 18.2 running 'init' at Wed, 13 Jun 2018 14:09:53 +0000. Up 13.07 seconds.
[   13.312290] cloud-init[1010]: ci-info: +++++++++++++++++++++++++++++++++++++Net device info+++++++++++++++++++++++++++++++++++++
[   13.322616] cloud-init[1010]: ci-info: +--------+------+---------------------------+---------------+-------+-------------------+
[   13.357856] cloud-init[1010]: ci-info: | Device |  Up  |          Address          |      Mask     | Scope |     Hw-Address    |
[[   13.392457] cloud-init[1010]: ci-info: +--------+------+---------------------------+---------------+-------+-------------------+
[   13.393296] cloud-init[1010]: ci-info: | enp0s3 | True |         10.0.2.15         | 255.255.255.0 |   .   | 02:9b:76:7a:0b:4d |
[   13.393397] cloud-init[1010]: ci-info: | enp0s3 | True | fe80::9b:76ff:fe7a:b4d/64 |       .       |  link | 02:9b:76:7a:0b:4d |
[   13.393484] cloud-init[1010]: ci-info: |   lo   | True |         127.0.0.1         |   255.0.0.0   |   .   |         .         |
[   13.393569] cloud-init[1010]: ci-info: |   lo   | True |          ::1/128          |       .       |  host |         .         |
[   13.393652] cloud-init[1010]: ci-info: +--------+------+---------------------------+---------------+-------+-------------------+
[   13.393735] cloud-init[1010]: ci-info: +++++++++++++++++++++++++++Route IPv4 info++++++++++++++++++++++++++++
[   13.393818] cloud-init[1010]: ci-info: +-------+-------------+----------+---------------+-----------+-------+
[   13.393901] cloud-init[1010]: ci-info: | Route | Destination | Gateway  |    Genmask    | Interface | Flags |
[   13.393988] cloud-init[1010]: ci-info: +-------+-------------+----------+---------------+-----------+-------+
[   13.394075] cloud-init[1010]: ci-info: |   0   |   0.0.0.0   | 10.0.2.2 |    0.0.0.0    |   enp0s3  |   UG  |
[   13.394159] cloud-init[1010]: ci-info: |   1   |   10.0.2.0  | 0.0.0.0  | 255.255.255.0 |   enp0s3  |   U   |
[   13.394242] cloud-init[1010]: ci-info: +-------+-------------+----------+---------------+-----------+-------+
[0;32m  OK  [0m] Started Initial cloud-init job (metadata service crawler).
[[0;32m  OK  [0m] Reached target Cloud-config availability.
[[0;32m  OK  [0m] Reached target Network is Online.
         Starting iSCSI initiator daemon (iscsid)...
[[0;32m  OK  [0m] Reached target System Initialization.
[[0;32m  OK  [0m] Listening on ACPID Listen Socket.
         Starting LXD - unix socket.
         Starting Socket activation for snappy daemon.
[[0;32m  OK  [0m] Started Daily apt download activities.
[[0;32m  OK  [0m] Started ACPI Events Check.
[[0;32m  OK  [0m] Reached target Paths.
[[0;32m  OK  [0m] Listening on D-Bus System Message Bus Socket.
[[0;32m  OK  [0m] Started Daily apt upgrade and clean activities.
[[0;32m  OK  [0m] Listening on UUID daemon activation socket.
[[0;32m  OK  [0m] Started Daily Cleanup of Temporary Directories.
[[0;32m  OK  [0m] Reached target Timers.
[[0;32m  OK  [0m] Listening on LXD - unix socket.
[[0;32m  OK  [0m] Listening on Socket activation for snappy daemon.
[[0;32m  OK  [0m] Started iSCSI initiator daemon (iscsid).
         Starting Login to default iSCSI targets...
[[0;32m  OK  [0m] Reached target Sockets.
[[0;32m  OK  [0m] Reached target Basic System.
[[0;32m  OK  [0m] Started Regular background program processing daemon.
         Starting LSB: MD monitoring daemon...
[[0;32m  OK  [0m] Started Deferred execution scheduler.
         Starting System Logging Service...
[[0;32m  OK  [0m] Started Unattended Upgrades Shutdown.
         Starting OpenBSD Secure Shell server...
[[0;32m  OK  [0m] Started ACPI event daemon.
         Starting PostgreSQL Cluster 9.6-main...
         Starting Accounts Service...
         Starting Virtualbox guest utils...
         Starting /etc/rc.local Compatibility...
[[0;32m  OK  [0m] Started D-Bus System Message Bus.
         Starting Login Service...
[[0;32m  OK  [0m] Started ExaBGP.
[[0;32m  OK  [0m] Started FUSE filesystem for LXC.
         Starting LSB: Record successful boot for GRUB...
         Starting Apply the settings specified in cloud-config...
         Starting Snappy daemon...
         Starting LXD - container startup/shutdown...
[[0;32m  OK  [0m] Started System Logging Service.
[[0;32m  OK  [0m] Started OpenBSD Secure Shell server.
[[0;32m  OK  [0m] Started /etc/rc.local Compatibility.
[[0;32m  OK  [0m] Started Login to default iSCSI targets.
[[0;32m  OK  [0m] Started LSB: MD monitoring daemon.
[[0;32m  OK  [0m] Started Login Service.
         Starting Authenticate and Authorize Users to Run Privileged Tasks...
[[0;32m  OK  [0m] Reached target Remote File Systems (Pre).
[[0;32m  OK  [0m] Reached target Remote File Systems.
         Starting Permit User Sessions...
         Starting LSB: Set the CPU Frequency Scaling governor to "ondemand"...
         Starting LSB: daemon to balance interrupts for SMP systems...
         Starting LSB: automatic crash report generation...
         Starting LSB: Start NTP daemon...
         Starting LSB: Start/stop sysstat's sadc...
[[0;32m  OK  [0m] Started LSB: Record successful boot for GRUB.
[[0;32m  OK  [0m] Started Permit User Sessions.
[[0;32m  OK  [0m] Started LXD - container startup/shutdown.
[[0;32m  OK  [0m] Started LSB: Set the CPU Frequency Scaling governor to "ondemand".
         Starting Terminate Plymouth Boot Screen...
         Starting Hold until boot process finishes up...
[[0;32m  OK  [0m] Started LSB: Start/stop sysstat's sadc.
[[0;32m  OK  [0m] Started LSB: daemon to balance interrupts for SMP systems.
[[0;32m  OK  [0m] Started Terminate Plymouth Boot Screen.
[[0;32m  OK  [0m] Started Hold until boot process finishes up.
[[0;32m  OK  [0m] Started Authenticate and Authorize Users to Run Privileged Tasks.
[[0;32m  OK  [0m] Started Accounts Service.
         Starting Set console scheme...
[[0;32m  OK  [0m] Started Serial Getty on ttyS0.
[[0;32m  OK  [0m] Started Getty on tty1.
[[0;32m  OK  [0m] Reached target Login Prompts.
[[0;32m  OK  [0m] Started Snappy daemon.
[[0;32m  OK  [0m] Started LSB: automatic crash report generation.
[[0;32m  OK  [0m] Started Virtualbox guest utils.
[[0;32m  OK  [0m] Started LSB: Start NTP daemon.
[[0;32m  OK  [0m] Started Set console scheme.
         Starting Wait until snapd is fully seeded...
[[0;32m  OK  [0m] Started Wait until snapd is fully seeded.
[   15.078917] cloud-init[1130]: Cloud-init v. 18.2 running 'modules:config' at Wed, 13 Jun 2018 14:09:55 +0000. Up 14.99 seconds.
[[0;32m  OK  [0m] Started Apply the settings specified in cloud-config.
[[0;32m  OK  [0m] Started PostgreSQL Cluster 9.6-main.
         Starting PostgreSQL RDBMS...
[[0;32m  OK  [0m] Started PostgreSQL RDBMS.
         Starting Regular background program processing daemon...
[[0;32m  OK  [0m] Started Regular background program processing daemon.
[[0;32m  OK  [0m] Reached target Multi-User System.
[[0;32m  OK  [0m] Reached target Graphical Interface.
         Starting Execute cloud user/final scripts...
         Starting Update UTMP about System Runlevel Changes...
[[0;32m  OK  [0m] Started Update UTMP about System Runlevel Changes.
[   17.826783] cloud-init[1352]: Cloud-init v. 18.2 running 'modules:final' at Wed, 13 Jun 2018 14:09:58 +0000. Up 17.63 seconds.
[   17.846508] cloud-init[1352]: Cloud-init v. 18.2 finished at Wed, 13 Jun 2018 14:09:58 +0000. Datasource DataSourceNoCloud [seed=/dev/sdb][dsmode=net].  Up 17.81 seconds
[[0;32m  OK  [0m] Started Execute cloud user/final scripts.
[[0;32m  OK  [0m] Reached target Cloud-init target.

Ubuntu 16.04.4 LTS ww1-test ttyS0

ww1-test login: 